2023-05-10 15:29:11,993 -  nornir.core -     INFO -        run() - Running task 'gatherfacts' with args {'netmiko_bar': <tqdm.std.tqdm object at 0x7f7733c1ab50>} on 1 hosts
2023-05-10 15:29:51,019 -  nornir.core -     INFO -        run() - Running task 'gatherfacts' with args {'netmiko_bar': <tqdm.std.tqdm object at 0x7f9e962eea00>} on 1 hosts
2023-05-10 16:23:06,860 -  nornir.core -     INFO -        run() - Running task 'gatherfacts' with args {'netmiko_bar': <tqdm.std.tqdm object at 0x7f5d10368fa0>} on 1 hosts
2023-05-10 16:43:35,370 -  nornir.core -     INFO -        run() - Running task 'gatherfacts' with args {'netmiko_bar': <tqdm.std.tqdm object at 0x7f6353088670>} on 1 hosts
2023-05-11 08:57:41,833 -  nornir.core -     INFO -        run() - Running task 'gatherfacts' with args {'netmiko_bar': <tqdm.std.tqdm object at 0x7feec1561670>} on 1 hosts
2023-05-11 09:03:13,798 -  nornir.core -     INFO -        run() - Running task 'gatherfacts' with args {'netmiko_bar': <tqdm.std.tqdm object at 0x7fde3adf66d0>} on 1 hosts
2023-05-11 09:59:33,616 -  nornir.core -     INFO -        run() - Running task 'gatherfacts' with args {'netmiko_bar': <tqdm.std.tqdm object at 0x7fbac9d7b700>} on 1 hosts
2023-05-11 09:59:57,663 -  nornir.core -     INFO -        run() - Running task 'gatherfacts' with args {'netmiko_bar': <tqdm.std.tqdm object at 0x7fe74262d700>} on 1 hosts
2023-05-11 10:19:54,275 -  nornir.core -     INFO -        run() - Running task 'gatherfacts' with args {'netmiko_bar': <tqdm.std.tqdm object at 0x7f5159df2850>} on 1 hosts
2023-05-11 10:22:12,175 -  nornir.core -     INFO -        run() - Running task 'gatherfacts' with args {'netmiko_bar': <tqdm.std.tqdm object at 0x7f5669c53850>} on 1 hosts
2023-05-11 10:26:00,321 -  nornir.core -     INFO -        run() - Running task 'gatherfacts' with args {'netmiko_bar': <tqdm.std.tqdm object at 0x7fc217d376d0>} on 1 hosts
2023-05-11 10:26:19,682 -  nornir.core -     INFO -        run() - Running task 'gatherfacts' with args {'netmiko_bar': <tqdm.std.tqdm object at 0x7f5f696fd850>} on 1 hosts
2023-05-11 10:27:50,909 -  nornir.core -     INFO -        run() - Running task 'gatherfacts' with args {'netmiko_bar': <tqdm.std.tqdm object at 0x7f03379de6d0>} on 1 hosts
2023-05-11 10:28:02,080 - nornir.core.task -    ERROR -      start() - Host 'uk-ld6-lab-apic1': task 'netmiko_send_command' failed with traceback:
Traceback (most recent call last):
  File "/home/dbdev/.pyenv/versions/3.8.10/lib/python3.8/site-packages/nornir/core/task.py", line 99, in start
    r = self.task(self, **self.params)
  File "/home/dbdev/.pyenv/versions/3.8.10/lib/python3.8/site-packages/nornir_netmiko/tasks/netmiko_send_command.py", line 32, in netmiko_send_command
    result = net_connect.send_command(command_string, **kwargs)
  File "/home/dbdev/.pyenv/versions/3.8.10/lib/python3.8/site-packages/netmiko/utilities.py", line 592, in wrapper_decorator
    return func(self, *args, **kwargs)
  File "/home/dbdev/.pyenv/versions/3.8.10/lib/python3.8/site-packages/netmiko/base_connection.py", line 1721, in send_command
    raise ReadTimeout(msg)
netmiko.exceptions.ReadTimeout: 
Pattern not detected: 'uk\\-ld6\\-apic1\\#' in output.

Things you might try to fix this:
1. Explicitly set your pattern using the expect_string argument.
2. Increase the read_timeout to a larger value.

You can also look at the Netmiko session_log or debug log for more information.



2023-05-11 10:28:02,080 - nornir.core.task -    ERROR -      start() - Host 'uk-ld6-lab-apic1': task 'gatherfacts' failed with traceback:
Traceback (most recent call last):
  File "/home/dbdev/.pyenv/versions/3.8.10/lib/python3.8/site-packages/nornir/core/task.py", line 99, in start
    r = self.task(self, **self.params)
  File "apic_epg_parse.py", line 44, in gatherfacts
    task.run(task=netmiko_send_command, command_string="show endpoints", use_genie=True, use_timing=False)
  File "/home/dbdev/.pyenv/versions/3.8.10/lib/python3.8/site-packages/nornir/core/task.py", line 174, in run
    raise NornirSubTaskError(task=run_task, result=r)
nornir.core.exceptions.NornirSubTaskError: Subtask: netmiko_send_command (failed)


2023-05-11 10:29:10,971 -  nornir.core -     INFO -        run() - Running task 'gatherfacts' with args {'netmiko_bar': <tqdm.std.tqdm object at 0x7f50bf79b7f0>} on 1 hosts
2023-05-11 10:29:22,105 - nornir.core.task -    ERROR -      start() - Host 'uk-ld6-lab-apic1': task 'netmiko_send_command' failed with traceback:
Traceback (most recent call last):
  File "/home/dbdev/.pyenv/versions/3.8.10/lib/python3.8/site-packages/nornir/core/task.py", line 99, in start
    r = self.task(self, **self.params)
  File "/home/dbdev/.pyenv/versions/3.8.10/lib/python3.8/site-packages/nornir_netmiko/tasks/netmiko_send_command.py", line 32, in netmiko_send_command
    result = net_connect.send_command(command_string, **kwargs)
  File "/home/dbdev/.pyenv/versions/3.8.10/lib/python3.8/site-packages/netmiko/utilities.py", line 592, in wrapper_decorator
    return func(self, *args, **kwargs)
  File "/home/dbdev/.pyenv/versions/3.8.10/lib/python3.8/site-packages/netmiko/base_connection.py", line 1721, in send_command
    raise ReadTimeout(msg)
netmiko.exceptions.ReadTimeout: 
Pattern not detected: 'uk\\-ld6\\-apic1\\#' in output.

Things you might try to fix this:
1. Explicitly set your pattern using the expect_string argument.
2. Increase the read_timeout to a larger value.

You can also look at the Netmiko session_log or debug log for more information.



2023-05-11 10:29:22,108 - nornir.core.task -    ERROR -      start() - Host 'uk-ld6-lab-apic1': task 'gatherfacts' failed with traceback:
Traceback (most recent call last):
  File "/home/dbdev/.pyenv/versions/3.8.10/lib/python3.8/site-packages/nornir/core/task.py", line 99, in start
    r = self.task(self, **self.params)
  File "apic_epg_parse.py", line 44, in gatherfacts
    task.run(task=netmiko_send_command, command_string="show endpoints", use_genie=True, use_timing=False)
  File "/home/dbdev/.pyenv/versions/3.8.10/lib/python3.8/site-packages/nornir/core/task.py", line 174, in run
    raise NornirSubTaskError(task=run_task, result=r)
nornir.core.exceptions.NornirSubTaskError: Subtask: netmiko_send_command (failed)


2023-05-11 10:30:39,074 -  nornir.core -     INFO -        run() - Running task 'gatherfacts' with args {'netmiko_bar': <tqdm.std.tqdm object at 0x7f99a1604670>} on 1 hosts
2023-05-11 10:30:50,457 - nornir.core.task -    ERROR -      start() - Host 'uk-ld6-lab-apic1': task 'netmiko_send_command' failed with traceback:
Traceback (most recent call last):
  File "/home/dbdev/.pyenv/versions/3.8.10/lib/python3.8/site-packages/nornir/core/task.py", line 99, in start
    r = self.task(self, **self.params)
  File "/home/dbdev/.pyenv/versions/3.8.10/lib/python3.8/site-packages/nornir_netmiko/tasks/netmiko_send_command.py", line 32, in netmiko_send_command
    result = net_connect.send_command(command_string, **kwargs)
  File "/home/dbdev/.pyenv/versions/3.8.10/lib/python3.8/site-packages/netmiko/utilities.py", line 592, in wrapper_decorator
    return func(self, *args, **kwargs)
  File "/home/dbdev/.pyenv/versions/3.8.10/lib/python3.8/site-packages/netmiko/base_connection.py", line 1721, in send_command
    raise ReadTimeout(msg)
netmiko.exceptions.ReadTimeout: 
Pattern not detected: 'uk\\-ld6\\-apic1\\#' in output.

Things you might try to fix this:
1. Explicitly set your pattern using the expect_string argument.
2. Increase the read_timeout to a larger value.

You can also look at the Netmiko session_log or debug log for more information.



2023-05-11 10:30:50,458 - nornir.core.task -    ERROR -      start() - Host 'uk-ld6-lab-apic1': task 'gatherfacts' failed with traceback:
Traceback (most recent call last):
  File "/home/dbdev/.pyenv/versions/3.8.10/lib/python3.8/site-packages/nornir/core/task.py", line 99, in start
    r = self.task(self, **self.params)
  File "apic_epg_parse.py", line 44, in gatherfacts
    task.run(task=netmiko_send_command, command_string="show endpoints", use_genie=True, use_timing=False)
  File "/home/dbdev/.pyenv/versions/3.8.10/lib/python3.8/site-packages/nornir/core/task.py", line 174, in run
    raise NornirSubTaskError(task=run_task, result=r)
nornir.core.exceptions.NornirSubTaskError: Subtask: netmiko_send_command (failed)


2023-05-11 10:31:14,432 -  nornir.core -     INFO -        run() - Running task 'gatherfacts' with args {'netmiko_bar': <tqdm.std.tqdm object at 0x7fa671b96640>} on 1 hosts
2023-05-11 10:31:14,434 - nornir.core.task -    ERROR -      start() - Host 'uk-ld6-lab-apic1': task 'netmiko_send_command' failed with traceback:
Traceback (most recent call last):
  File "/home/dbdev/.pyenv/versions/3.8.10/lib/python3.8/site-packages/nornir/core/task.py", line 99, in start
    r = self.task(self, **self.params)
  File "/home/dbdev/.pyenv/versions/3.8.10/lib/python3.8/site-packages/nornir_netmiko/tasks/netmiko_send_command.py", line 26, in netmiko_send_command
    net_connect = task.host.get_connection(CONNECTION_NAME, task.nornir.config)
  File "/home/dbdev/.pyenv/versions/3.8.10/lib/python3.8/site-packages/nornir/core/inventory.py", line 494, in get_connection
    self.open_connection(
  File "/home/dbdev/.pyenv/versions/3.8.10/lib/python3.8/site-packages/nornir/core/inventory.py", line 546, in open_connection
    conn_obj.open(
  File "/home/dbdev/.pyenv/versions/3.8.10/lib/python3.8/site-packages/nornir_netmiko/connections/netmiko.py", line 59, in open
    connection = ConnectHandler(**parameters)
  File "/home/dbdev/.pyenv/versions/3.8.10/lib/python3.8/site-packages/netmiko/ssh_dispatcher.py", line 365, in ConnectHandler
    return ConnectionClass(*args, **kwargs)
TypeError: __init__() got an unexpected keyword argument 'read_timeout'

2023-05-11 10:31:14,434 - nornir.core.task -    ERROR -      start() - Host 'uk-ld6-lab-apic1': task 'gatherfacts' failed with traceback:
Traceback (most recent call last):
  File "/home/dbdev/.pyenv/versions/3.8.10/lib/python3.8/site-packages/nornir/core/task.py", line 99, in start
    r = self.task(self, **self.params)
  File "apic_epg_parse.py", line 44, in gatherfacts
    task.run(task=netmiko_send_command, command_string="show endpoints", use_genie=True, use_timing=False)
  File "/home/dbdev/.pyenv/versions/3.8.10/lib/python3.8/site-packages/nornir/core/task.py", line 174, in run
    raise NornirSubTaskError(task=run_task, result=r)
nornir.core.exceptions.NornirSubTaskError: Subtask: netmiko_send_command (failed)


2023-05-11 10:35:46,069 -  nornir.core -     INFO -        run() - Running task 'gatherfacts' with args {'netmiko_bar': <tqdm.std.tqdm object at 0x7ff89afcb6a0>} on 1 hosts
2023-05-11 10:57:47,034 -  nornir.core -     INFO -        run() - Running task 'gatherfacts' with args {'netmiko_bar': <tqdm.std.tqdm object at 0x7ff5c6c22700>} on 1 hosts
2023-05-11 10:58:54,624 -  nornir.core -     INFO -        run() - Running task 'gatherfacts' with args {'netmiko_bar': <tqdm.std.tqdm object at 0x7fde2301a700>} on 1 hosts
2023-05-11 11:05:09,250 -  nornir.core -     INFO -        run() - Running task 'gatherfacts' with args {'netmiko_bar': <tqdm.std.tqdm object at 0x7f2cade3c730>} on 1 hosts
2023-05-11 11:11:00,799 -  nornir.core -     INFO -        run() - Running task 'gatherfacts' with args {'netmiko_bar': <tqdm.std.tqdm object at 0x7f527448e820>} on 1 hosts
2023-05-11 11:12:33,203 -  nornir.core -     INFO -        run() - Running task 'gatherfacts' with args {'netmiko_bar': <tqdm.std.tqdm object at 0x7ff9a8155640>} on 1 hosts
2023-05-11 11:21:17,321 -  nornir.core -     INFO -        run() - Running task 'gatherfacts' with args {'netmiko_bar': <tqdm.std.tqdm object at 0x7ff8c709b7f0>} on 1 hosts
2023-05-11 11:24:52,205 -  nornir.core -     INFO -        run() - Running task 'gatherfacts' with args {'netmiko_bar': <tqdm.std.tqdm object at 0x7f1377c4b910>} on 1 hosts
2023-05-11 11:28:11,407 -  nornir.core -     INFO -        run() - Running task 'gatherfacts' with args {'netmiko_bar': <tqdm.std.tqdm object at 0x7f5eea48e7f0>} on 1 hosts
2023-05-11 11:31:03,406 -  nornir.core -     INFO -        run() - Running task 'gatherfacts' with args {'netmiko_bar': <tqdm.std.tqdm object at 0x7f3b7aea57f0>} on 1 hosts
2023-05-12 14:43:33,456 -  nornir.core -     INFO -        run() - Running task 'gatherfacts' with args {'netmiko_bar': <tqdm.std.tqdm object at 0x7f30032a3d90>} on 1 hosts
2023-05-15 10:56:33,997 -  nornir.core -     INFO -        run() - Running task 'gatherfacts' with args {'netmiko_bar': <tqdm.std.tqdm object at 0x7f84cda18310>} on 1 hosts
2023-05-15 10:58:49,129 -  nornir.core -     INFO -        run() - Running task 'gatherfacts' with args {'netmiko_bar': <tqdm.std.tqdm object at 0x7faf875f7a30>} on 1 hosts
2023-05-15 10:59:27,784 -  nornir.core -     INFO -        run() - Running task 'gatherfacts' with args {'netmiko_bar': <tqdm.std.tqdm object at 0x7f05aca10310>} on 1 hosts
2023-05-15 11:00:02,915 -  nornir.core -     INFO -        run() - Running task 'gatherfacts' with args {'netmiko_bar': <tqdm.std.tqdm object at 0x7fefd42b1310>} on 1 hosts
2023-05-15 11:00:42,163 -  nornir.core -     INFO -        run() - Running task 'gatherfacts' with args {'netmiko_bar': <tqdm.std.tqdm object at 0x7f74d0053910>} on 1 hosts
2023-05-15 11:01:25,660 -  nornir.core -     INFO -        run() - Running task 'gatherfacts' with args {'netmiko_bar': <tqdm.std.tqdm object at 0x7f823a92f910>} on 1 hosts
2023-05-15 11:01:48,877 -  nornir.core -     INFO -        run() - Running task 'gatherfacts' with args {'netmiko_bar': <tqdm.std.tqdm object at 0x7f3672db9fa0>} on 1 hosts
2023-05-15 11:02:11,993 -  nornir.core -     INFO -        run() - Running task 'gatherfacts' with args {'netmiko_bar': <tqdm.std.tqdm object at 0x7f4cbc1fe9d0>} on 1 hosts
2023-05-15 11:02:36,188 -  nornir.core -     INFO -        run() - Running task 'gatherfacts' with args {'netmiko_bar': <tqdm.std.tqdm object at 0x7f134c9bb910>} on 1 hosts
2023-05-15 11:03:01,500 -  nornir.core -     INFO -        run() - Running task 'gatherfacts' with args {'netmiko_bar': <tqdm.std.tqdm object at 0x7fee7d347310>} on 1 hosts
2023-05-15 11:04:37,593 -  nornir.core -     INFO -        run() - Running task 'gatherfacts' with args {'netmiko_bar': <tqdm.std.tqdm object at 0x7f8f5fa9cfa0>} on 1 hosts
2023-05-15 11:04:50,918 -  nornir.core -     INFO -        run() - Running task 'gatherfacts' with args {'netmiko_bar': <tqdm.std.tqdm object at 0x7ffb38851a30>} on 1 hosts
2023-05-15 11:05:25,254 -  nornir.core -     INFO -        run() - Running task 'gatherfacts' with args {'netmiko_bar': <tqdm.std.tqdm object at 0x7f76676b0310>} on 1 hosts
2023-05-15 11:05:47,651 -  nornir.core -     INFO -        run() - Running task 'gatherfacts' with args {'netmiko_bar': <tqdm.std.tqdm object at 0x7fd555373fa0>} on 1 hosts
2023-05-15 11:08:24,064 -  nornir.core -     INFO -        run() - Running task 'gatherfacts' with args {'netmiko_bar': <tqdm.std.tqdm object at 0x7f00780effa0>} on 1 hosts
2023-05-15 11:08:38,966 -  nornir.core -     INFO -        run() - Running task 'gatherfacts' with args {'netmiko_bar': <tqdm.std.tqdm object at 0x7efd6308b310>} on 1 hosts
2023-05-15 11:10:14,261 -  nornir.core -     INFO -        run() - Running task 'gatherfacts' with args {'netmiko_bar': <tqdm.std.tqdm object at 0x7f9cd7d17310>} on 1 hosts
2023-05-15 11:17:05,626 -  nornir.core -     INFO -        run() - Running task 'gatherfacts' with args {'netmiko_bar': <tqdm.std.tqdm object at 0x7fec65404310>} on 1 hosts
2023-05-15 11:17:38,801 -  nornir.core -     INFO -        run() - Running task 'gatherfacts' with args {'netmiko_bar': <tqdm.std.tqdm object at 0x7fb364801310>} on 1 hosts
2023-05-15 11:17:58,810 -  nornir.core -     INFO -        run() - Running task 'gatherfacts' with args {'netmiko_bar': <tqdm.std.tqdm object at 0x7fc029d47b20>} on 1 hosts
2023-05-15 11:18:59,675 -  nornir.core -     INFO -        run() - Running task 'gatherfacts' with args {'netmiko_bar': <tqdm.std.tqdm object at 0x7f67291799d0>} on 1 hosts
2023-05-15 11:19:17,595 -  nornir.core -     INFO -        run() - Running task 'gatherfacts' with args {'netmiko_bar': <tqdm.std.tqdm object at 0x7f83de2b0910>} on 1 hosts
2023-05-15 11:20:29,520 -  nornir.core -     INFO -        run() - Running task 'gatherfacts' with args {'netmiko_bar': <tqdm.std.tqdm object at 0x7f0ffe8eefa0>} on 1 hosts
2023-05-15 11:20:57,575 -  nornir.core -     INFO -        run() - Running task 'gatherfacts' with args {'netmiko_bar': <tqdm.std.tqdm object at 0x7f3f12fad310>} on 1 hosts
2023-05-15 11:21:38,131 -  nornir.core -     INFO -        run() - Running task 'gatherfacts' with args {'netmiko_bar': <tqdm.std.tqdm object at 0x7f1e2b61a9d0>} on 1 hosts
2023-05-15 11:22:00,971 -  nornir.core -     INFO -        run() - Running task 'gatherfacts' with args {'netmiko_bar': <tqdm.std.tqdm object at 0x7f0768fe4910>} on 1 hosts
2023-05-16 16:02:10,524 -  nornir.core -     INFO -        run() - Running task 'gatherfacts' with args {'netmiko_bar': <tqdm.std.tqdm object at 0x7f1688fd16d0>} on 1 hosts
2023-05-16 16:02:48,435 -  nornir.core -     INFO -        run() - Running task 'gatherfacts' with args {'netmiko_bar': <tqdm.std.tqdm object at 0x7ffba296b6d0>} on 1 hosts
2023-05-16 16:03:01,819 -  nornir.core -     INFO -        run() - Running task 'gatherfacts' with args {'netmiko_bar': <tqdm.std.tqdm object at 0x7f59cfbe8700>} on 1 hosts
2023-05-16 16:04:39,981 -  nornir.core -     INFO -        run() - Running task 'gatherfacts' with args {'netmiko_bar': <tqdm.std.tqdm object at 0x7f17f91e86d0>} on 1 hosts
2023-05-16 16:08:57,514 -  nornir.core -     INFO -        run() - Running task 'gatherfacts' with args {'netmiko_bar': <tqdm.std.tqdm object at 0x7f42175e9940>} on 1 hosts
2023-05-16 16:10:17,256 -  nornir.core -     INFO -        run() - Running task 'gatherfacts' with args {'netmiko_bar': <tqdm.std.tqdm object at 0x7f6a41253910>} on 1 hosts
2023-05-16 16:11:15,718 -  nornir.core -     INFO -        run() - Running task 'gatherfacts' with args {'netmiko_bar': <tqdm.std.tqdm object at 0x7f286ee94700>} on 1 hosts
2023-05-17 08:20:03,010 -  nornir.core -     INFO -        run() - Running task 'gatherfacts' with args {'netmiko_bar': <tqdm.std.tqdm object at 0x7fb1c479b700>} on 1 hosts
2023-05-17 08:21:35,369 -  nornir.core -     INFO -        run() - Running task 'gatherfacts' with args {'netmiko_bar': <tqdm.std.tqdm object at 0x7fc76b9c5970>} on 1 hosts
2023-05-17 08:23:03,733 -  nornir.core -     INFO -        run() - Running task 'gatherfacts' with args {'netmiko_bar': <tqdm.std.tqdm object at 0x7fadac0c2700>} on 1 hosts
2023-05-17 08:27:12,971 -  nornir.core -     INFO -        run() - Running task 'gatherfacts' with args {'netmiko_bar': <tqdm.std.tqdm object at 0x7f61f9f67700>} on 1 hosts
2023-05-17 08:53:41,091 -  nornir.core -     INFO -        run() - Running task 'gatherfacts' with args {'netmiko_bar': <tqdm.std.tqdm object at 0x7f8d8adf7700>} on 1 hosts
2023-05-17 09:11:24,155 -  nornir.core -     INFO -        run() - Running task 'gatherfacts' with args {'netmiko_bar': <tqdm.std.tqdm object at 0x7f8d4c01d700>} on 1 hosts
2023-05-17 09:53:33,183 -  nornir.core -     INFO -        run() - Running task 'gatherfacts' with args {'netmiko_bar': <tqdm.std.tqdm object at 0x7f1db3578700>} on 1 hosts
2023-06-06 15:07:33,444 -  nornir.core -     INFO -        run() - Running task 'gatherfacts' with args {'netmiko_bar': <tqdm.std.tqdm object at 0x7efe88ef9310>} on 1 hosts
2023-06-06 15:08:02,688 -  nornir.core -     INFO -        run() - Running task 'gatherfacts' with args {'netmiko_bar': <tqdm.std.tqdm object at 0x7fbd50d4d910>} on 1 hosts
2023-06-06 16:34:38,797 -  nornir.core -     INFO -        run() - Running task 'gatherfacts' with args {'netmiko_bar': <tqdm.std.tqdm object at 0x7fa05a01e730>} on 1 hosts
2023-06-07 13:57:42,465 -  nornir.core -     INFO -        run() - Running task 'gatherfacts' with args {'netmiko_bar': <tqdm.std.tqdm object at 0x7f518f3c79d0>} on 1 hosts
2023-06-07 14:00:34,769 -  nornir.core -     INFO -        run() - Running task 'gatherfacts' with args {'netmiko_bar': <tqdm.std.tqdm object at 0x7f5542cbb9a0>} on 1 hosts
2023-06-07 14:05:11,513 -  nornir.core -     INFO -        run() - Running task 'gatherfacts' with args {'netmiko_bar': <tqdm.std.tqdm object at 0x7ff37fd899d0>} on 1 hosts
2023-06-07 14:08:27,773 -  nornir.core -     INFO -        run() - Running task 'gatherfacts' with args {'netmiko_bar': <tqdm.std.tqdm object at 0x7f2467c239a0>} on 1 hosts
2023-06-07 14:14:17,353 -  nornir.core -     INFO -        run() - Running task 'gatherfacts' with args {'netmiko_bar': <tqdm.std.tqdm object at 0x7fb7e46325e0>} on 1 hosts
2023-06-07 14:22:26,712 -  nornir.core -     INFO -        run() - Running task 'gatherfacts' with args {'netmiko_bar': <tqdm.std.tqdm object at 0x7f05472bc9a0>} on 1 hosts
2023-06-07 14:32:51,404 -  nornir.core -     INFO -        run() - Running task 'gatherfacts' with args {'netmiko_bar': <tqdm.std.tqdm object at 0x7fafcd5799a0>} on 1 hosts
2023-06-07 15:55:42,623 -  nornir.core -     INFO -        run() - Running task 'gatherfacts' with args {'netmiko_bar': <tqdm.std.tqdm object at 0x7fa812b9f730>} on 1 hosts
2023-06-07 16:23:17,759 -  nornir.core -     INFO -        run() - Running task 'gatherfacts' with args {'netmiko_bar': <tqdm.std.tqdm object at 0x7fee908c2940>} on 1 hosts
2023-06-08 10:15:55,585 -  nornir.core -     INFO -        run() - Running task 'gatherfacts' with args {'netmiko_bar': <tqdm.std.tqdm object at 0x7f0da3c519d0>} on 1 hosts
